// Jest Snapshot v1, https://goo.gl/fbAQLP

exports[`Pruebas en  FirstApp debe hacer match con el snaptshot 1`] = `
<div>
  <h1
    data-testid="test-title"
  >
     
    Hola soy Goku
     
  </h1>
  <p>
    no hay subtítulo
  </p>
  <p>
    no hay subtítulo
  </p>
  <p>
    Dariel
  </p>
</div>
`;
