// Jest Snapshot v1, https://goo.gl/fbAQLP

exports[`Pruebas a GifItem debe hacer match con el snapshot 1`] = `
<div>
  <div
    class="card"
  >
    <img
      alt="Test Title"
      src="https://testurl.com/test.gif"
    />
    <p>
      Test Title
    </p>
  </div>
</div>
`;
